2020-11-05 09:07:13,860 - INFO - Current time: Thu Nov  5 09:07:13 2020
2020-11-05 09:07:15,877 - INFO - Current time: Thu Nov  5 09:07:15 2020
2020-11-05 09:07:17,880 - INFO - Current time: Thu Nov  5 09:07:17 2020
2020-11-05 09:07:19,893 - INFO - Current time: Thu Nov  5 09:07:19 2020
2020-11-05 09:07:21,907 - INFO - Current time: Thu Nov  5 09:07:21 2020
2020-11-05 09:07:23,913 - INFO - Current time: Thu Nov  5 09:07:23 2020
2020-11-05 09:07:25,923 - INFO - Current time: Thu Nov  5 09:07:25 2020
